// Vitest Snapshot v1, https://vitest.dev/guide/snapshot.html

exports[`IconCard > renders the correct icon based on the icon prop > renders the 'book' icon when iconType is 'book' 1`] = `
{
  "baseElement": <body>
    <div>
      <v-card
        class="icon-card"
        variant="outlined"
      >
        <v-card-title
          class="icon-card__header"
        >
          <div
            class="icon-card__title-container"
          >
            <div
              class="icon-card__title"
            >
              
               Default Title 
              
            </div>
            <div
              class="icon-card__icon"
            >
              <svg
                class="icon-card__icon"
                fill="none"
                height="55"
                viewBox="0 0 68 55"
                width="68"
                xmlns="http://www.w3.org/2000/svg"
              >
                <path
                  d="M9.50632 8.21433C9.50632 7.91445 9.75007 7.67325 10.0531 7.67325L27.122 7.67325C27.4251 7.67325 27.6688 7.91445 27.6688 8.21433C27.6688 8.51422 27.4251 8.75542 27.122 8.75542H10.0531C9.75007 8.75542 9.50632 8.51421 9.50632 8.21433ZM27.1187 12.3995L10.0531 12.3995C9.75007 12.3995 9.50632 12.6408 9.50632 12.9406C9.50632 13.2405 9.75007 13.4817 10.0531 13.4817L27.1187 13.4817C27.4217 13.4817 27.6655 13.2405 27.6655 12.9406C27.6655 12.6408 27.4217 12.3995 27.1187 12.3995ZM27.1187 17.1226L10.0531 17.1226C9.75007 17.1226 9.50632 17.3638 9.50632 17.6637C9.50632 17.9636 9.75007 18.2048 10.0531 18.2048L27.1187 18.2048C27.4217 18.2048 27.6655 17.9636 27.6655 17.6637C27.6655 17.3638 27.4217 17.1226 27.1187 17.1226ZM27.1187 21.849H10.0531C9.75008 21.849 9.50632 22.0902 9.50632 22.3901C9.50632 22.69 9.75007 22.9312 10.0531 22.9312H27.1187C27.4217 22.9312 27.6655 22.69 27.6655 22.3901C27.6655 22.0902 27.4217 21.849 27.1187 21.849ZM27.1187 26.5753H10.0531C9.75008 26.5753 9.50632 26.8165 9.50632 27.1164C9.50632 27.4163 9.75007 27.6575 10.0531 27.6575H27.1187C27.4217 27.6575 27.6655 27.4163 27.6655 27.1164C27.6655 26.8165 27.4217 26.5753 27.1187 26.5753ZM27.1187 31.2984H10.0531C9.75008 31.2984 9.50632 31.5396 9.50632 31.8395C9.50632 32.1394 9.75007 32.3806 10.0531 32.3806H27.1187C27.4217 32.3806 27.6655 32.1394 27.6655 31.8395C27.6655 31.5396 27.4217 31.2984 27.1187 31.2984ZM27.1187 36.0248H10.0531C9.75008 36.0248 9.50632 36.266 9.50632 36.5659C9.50632 36.8657 9.75007 37.107 10.0531 37.107H27.1187C27.4217 37.107 27.6655 36.8658 27.6655 36.5659C27.6655 36.266 27.4217 36.0248 27.1187 36.0248ZM40.8644 8.75196H57.93C58.233 8.75196 58.4768 8.51076 58.4768 8.21088C58.4768 7.911 58.233 7.6698 57.93 7.6698H40.8644C40.5614 7.6698 40.3176 7.911 40.3176 8.21088C40.3176 8.51076 40.5614 8.75196 40.8644 8.75196ZM40.8644 13.4783H57.93C58.233 13.4783 58.4768 13.2371 58.4768 12.9372C58.4768 12.6373 58.233 12.3961 57.93 12.3961H40.8644C40.5614 12.3961 40.3176 12.6373 40.3176 12.9372C40.3176 13.2371 40.5614 13.4783 40.8644 13.4783ZM40.8644 18.2047H57.93C58.233 18.2047 58.4768 17.9635 58.4768 17.6636C58.4768 17.3637 58.233 17.1225 57.93 17.1225H40.8644C40.5614 17.1225 40.3176 17.3637 40.3176 17.6636C40.3176 17.9635 40.5614 18.2047 40.8644 18.2047ZM40.8644 22.931H57.93C58.233 22.931 58.4768 22.6898 58.4768 22.3899C58.4768 22.09 58.233 21.8488 57.93 21.8488H40.8644C40.5614 21.8488 40.3176 22.09 40.3176 22.3899C40.3176 22.6898 40.5614 22.931 40.8644 22.931ZM40.8644 27.6541H57.93C58.233 27.6541 58.4768 27.4129 58.4768 27.113C58.4768 26.8131 58.233 26.5719 57.93 26.5719H40.8644C40.5614 26.5719 40.3176 26.8131 40.3176 27.113C40.3176 27.4129 40.5614 27.6541 40.8644 27.6541ZM40.8644 32.3805H57.93C58.233 32.3805 58.4768 32.1393 58.4768 31.8394C58.4768 31.5395 58.233 31.2983 57.93 31.2983H40.8644C40.5614 31.2983 40.3176 31.5395 40.3176 31.8394C40.3176 32.1393 40.5614 32.3805 40.8644 32.3805ZM40.8644 37.1068H57.93C58.233 37.1068 58.4768 36.8656 58.4768 36.5657C58.4768 36.2658 58.233 36.0246 57.93 36.0246H40.8644C40.5614 36.0246 40.3176 36.2658 40.3176 36.5657C40.3176 36.8656 40.5614 37.1068 40.8644 37.1068ZM68 3.26277V48.4527C68 48.5961 67.9407 48.7363 67.8386 48.8373C67.7365 48.9383 67.5981 48.9938 67.4532 48.9938H67.4499L33.99 48.7363L26.5589 48.8503V54.4614C26.5589 54.6928 26.4074 54.9014 26.1867 54.9732C25.9627 55.0449 25.7189 54.9699 25.5773 54.7841L23.4264 51.9549L21.4665 54.7646C21.3611 54.9145 21.1931 54.9993 21.0185 54.9993C20.9658 54.9993 20.9098 54.9928 20.8571 54.9765C20.6298 54.9048 20.475 54.6961 20.475 54.4614V48.8829L0.553381 48.9742H0.550087C0.40515 48.9742 0.266808 48.9188 0.164699 48.8177C0.0625909 48.7167 0.00329392 48.5798 0.00329392 48.4331L0 3.2432C0 2.94332 0.243748 2.70211 0.546793 2.70211H3.52117V0.541084C3.52117 0.241212 3.76492 0 4.06796 0H28.3509C30.8609 0 33.0217 1.48964 33.9901 3.61805C34.9584 1.48956 37.1193 0 39.6293 0H63.9122C64.2152 0 64.4589 0.241203 64.4589 0.541084V2.72172H67.4498C67.7529 2.72172 67.9966 2.96293 67.9966 3.26281L68 3.26277ZM34.5367 6.12139V46.7936C36.6118 44.8738 39.7872 43.7232 41.9678 43.7232H63.3651L63.3684 1.08163H39.6294C36.8197 1.08163 34.5367 3.34421 34.5367 6.12139ZM28.354 1.08213H4.61503V43.7237H26.0124C28.1929 43.7237 31.3683 44.8743 33.4434 46.7941L33.4467 6.12189C33.4467 3.34154 31.1605 1.08213 28.354 1.08213ZM20.4716 47.8041V44.802H4.06802C3.76497 44.802 3.52123 44.5608 3.52123 44.2609V3.78393H1.09361V47.8916L20.4716 47.8041ZM25.4685 44.802H21.5652V52.7278L22.9585 50.7297C23.0574 50.5863 23.2221 50.4983 23.3966 50.4951H23.4065C23.5778 50.4951 23.7392 50.5733 23.8413 50.7102L25.4652 52.8452V44.8026L25.4685 44.802ZM26.5589 47.7682L32.7942 47.6704C31.1242 46.0732 28.5253 45.0139 26.5589 44.8411V47.7682ZM66.9064 3.80324H64.4623V44.2635C64.4623 44.5634 64.2186 44.8046 63.9155 44.8046H41.9718C39.9724 44.8046 37.0276 45.9259 35.1995 47.6665L66.9072 47.911L66.9064 3.80324Z"
                  data-testid="icon--book"
                  fill="#A8DFF7"
                />
              </svg>
            </div>
          </div>
        </v-card-title>
        <v-card-text
          class="icon-card__content"
        >
          
           Default Content 
          
        </v-card-text>
      </v-card>
    </div>
  </body>,
  "container": <div>
    <v-card
      class="icon-card"
      variant="outlined"
    >
      <v-card-title
        class="icon-card__header"
      >
        <div
          class="icon-card__title-container"
        >
          <div
            class="icon-card__title"
          >
            
             Default Title 
            
          </div>
          <div
            class="icon-card__icon"
          >
            <svg
              class="icon-card__icon"
              fill="none"
              height="55"
              viewBox="0 0 68 55"
              width="68"
              xmlns="http://www.w3.org/2000/svg"
            >
              <path
                d="M9.50632 8.21433C9.50632 7.91445 9.75007 7.67325 10.0531 7.67325L27.122 7.67325C27.4251 7.67325 27.6688 7.91445 27.6688 8.21433C27.6688 8.51422 27.4251 8.75542 27.122 8.75542H10.0531C9.75007 8.75542 9.50632 8.51421 9.50632 8.21433ZM27.1187 12.3995L10.0531 12.3995C9.75007 12.3995 9.50632 12.6408 9.50632 12.9406C9.50632 13.2405 9.75007 13.4817 10.0531 13.4817L27.1187 13.4817C27.4217 13.4817 27.6655 13.2405 27.6655 12.9406C27.6655 12.6408 27.4217 12.3995 27.1187 12.3995ZM27.1187 17.1226L10.0531 17.1226C9.75007 17.1226 9.50632 17.3638 9.50632 17.6637C9.50632 17.9636 9.75007 18.2048 10.0531 18.2048L27.1187 18.2048C27.4217 18.2048 27.6655 17.9636 27.6655 17.6637C27.6655 17.3638 27.4217 17.1226 27.1187 17.1226ZM27.1187 21.849H10.0531C9.75008 21.849 9.50632 22.0902 9.50632 22.3901C9.50632 22.69 9.75007 22.9312 10.0531 22.9312H27.1187C27.4217 22.9312 27.6655 22.69 27.6655 22.3901C27.6655 22.0902 27.4217 21.849 27.1187 21.849ZM27.1187 26.5753H10.0531C9.75008 26.5753 9.50632 26.8165 9.50632 27.1164C9.50632 27.4163 9.75007 27.6575 10.0531 27.6575H27.1187C27.4217 27.6575 27.6655 27.4163 27.6655 27.1164C27.6655 26.8165 27.4217 26.5753 27.1187 26.5753ZM27.1187 31.2984H10.0531C9.75008 31.2984 9.50632 31.5396 9.50632 31.8395C9.50632 32.1394 9.75007 32.3806 10.0531 32.3806H27.1187C27.4217 32.3806 27.6655 32.1394 27.6655 31.8395C27.6655 31.5396 27.4217 31.2984 27.1187 31.2984ZM27.1187 36.0248H10.0531C9.75008 36.0248 9.50632 36.266 9.50632 36.5659C9.50632 36.8657 9.75007 37.107 10.0531 37.107H27.1187C27.4217 37.107 27.6655 36.8658 27.6655 36.5659C27.6655 36.266 27.4217 36.0248 27.1187 36.0248ZM40.8644 8.75196H57.93C58.233 8.75196 58.4768 8.51076 58.4768 8.21088C58.4768 7.911 58.233 7.6698 57.93 7.6698H40.8644C40.5614 7.6698 40.3176 7.911 40.3176 8.21088C40.3176 8.51076 40.5614 8.75196 40.8644 8.75196ZM40.8644 13.4783H57.93C58.233 13.4783 58.4768 13.2371 58.4768 12.9372C58.4768 12.6373 58.233 12.3961 57.93 12.3961H40.8644C40.5614 12.3961 40.3176 12.6373 40.3176 12.9372C40.3176 13.2371 40.5614 13.4783 40.8644 13.4783ZM40.8644 18.2047H57.93C58.233 18.2047 58.4768 17.9635 58.4768 17.6636C58.4768 17.3637 58.233 17.1225 57.93 17.1225H40.8644C40.5614 17.1225 40.3176 17.3637 40.3176 17.6636C40.3176 17.9635 40.5614 18.2047 40.8644 18.2047ZM40.8644 22.931H57.93C58.233 22.931 58.4768 22.6898 58.4768 22.3899C58.4768 22.09 58.233 21.8488 57.93 21.8488H40.8644C40.5614 21.8488 40.3176 22.09 40.3176 22.3899C40.3176 22.6898 40.5614 22.931 40.8644 22.931ZM40.8644 27.6541H57.93C58.233 27.6541 58.4768 27.4129 58.4768 27.113C58.4768 26.8131 58.233 26.5719 57.93 26.5719H40.8644C40.5614 26.5719 40.3176 26.8131 40.3176 27.113C40.3176 27.4129 40.5614 27.6541 40.8644 27.6541ZM40.8644 32.3805H57.93C58.233 32.3805 58.4768 32.1393 58.4768 31.8394C58.4768 31.5395 58.233 31.2983 57.93 31.2983H40.8644C40.5614 31.2983 40.3176 31.5395 40.3176 31.8394C40.3176 32.1393 40.5614 32.3805 40.8644 32.3805ZM40.8644 37.1068H57.93C58.233 37.1068 58.4768 36.8656 58.4768 36.5657C58.4768 36.2658 58.233 36.0246 57.93 36.0246H40.8644C40.5614 36.0246 40.3176 36.2658 40.3176 36.5657C40.3176 36.8656 40.5614 37.1068 40.8644 37.1068ZM68 3.26277V48.4527C68 48.5961 67.9407 48.7363 67.8386 48.8373C67.7365 48.9383 67.5981 48.9938 67.4532 48.9938H67.4499L33.99 48.7363L26.5589 48.8503V54.4614C26.5589 54.6928 26.4074 54.9014 26.1867 54.9732C25.9627 55.0449 25.7189 54.9699 25.5773 54.7841L23.4264 51.9549L21.4665 54.7646C21.3611 54.9145 21.1931 54.9993 21.0185 54.9993C20.9658 54.9993 20.9098 54.9928 20.8571 54.9765C20.6298 54.9048 20.475 54.6961 20.475 54.4614V48.8829L0.553381 48.9742H0.550087C0.40515 48.9742 0.266808 48.9188 0.164699 48.8177C0.0625909 48.7167 0.00329392 48.5798 0.00329392 48.4331L0 3.2432C0 2.94332 0.243748 2.70211 0.546793 2.70211H3.52117V0.541084C3.52117 0.241212 3.76492 0 4.06796 0H28.3509C30.8609 0 33.0217 1.48964 33.9901 3.61805C34.9584 1.48956 37.1193 0 39.6293 0H63.9122C64.2152 0 64.4589 0.241203 64.4589 0.541084V2.72172H67.4498C67.7529 2.72172 67.9966 2.96293 67.9966 3.26281L68 3.26277ZM34.5367 6.12139V46.7936C36.6118 44.8738 39.7872 43.7232 41.9678 43.7232H63.3651L63.3684 1.08163H39.6294C36.8197 1.08163 34.5367 3.34421 34.5367 6.12139ZM28.354 1.08213H4.61503V43.7237H26.0124C28.1929 43.7237 31.3683 44.8743 33.4434 46.7941L33.4467 6.12189C33.4467 3.34154 31.1605 1.08213 28.354 1.08213ZM20.4716 47.8041V44.802H4.06802C3.76497 44.802 3.52123 44.5608 3.52123 44.2609V3.78393H1.09361V47.8916L20.4716 47.8041ZM25.4685 44.802H21.5652V52.7278L22.9585 50.7297C23.0574 50.5863 23.2221 50.4983 23.3966 50.4951H23.4065C23.5778 50.4951 23.7392 50.5733 23.8413 50.7102L25.4652 52.8452V44.8026L25.4685 44.802ZM26.5589 47.7682L32.7942 47.6704C31.1242 46.0732 28.5253 45.0139 26.5589 44.8411V47.7682ZM66.9064 3.80324H64.4623V44.2635C64.4623 44.5634 64.2186 44.8046 63.9155 44.8046H41.9718C39.9724 44.8046 37.0276 45.9259 35.1995 47.6665L66.9072 47.911L66.9064 3.80324Z"
                data-testid="icon--book"
                fill="#A8DFF7"
              />
            </svg>
          </div>
        </div>
      </v-card-title>
      <v-card-text
        class="icon-card__content"
      >
        
         Default Content 
        
      </v-card-text>
    </v-card>
  </div>,
  "debug": [Function],
  "emitted": [Function],
  "findAllByAltText": [Function],
  "findAllByDisplayValue": [Function],
  "findAllByLabelText": [Function],
  "findAllByPlaceholderText": [Function],
  "findAllByRole": [Function],
  "findAllByTestId": [Function],
  "findAllByText": [Function],
  "findAllByTitle": [Function],
  "findByAltText": [Function],
  "findByDisplayValue": [Function],
  "findByLabelText": [Function],
  "findByPlaceholderText": [Function],
  "findByRole": [Function],
  "findByTestId": [Function],
  "findByText": [Function],
  "findByTitle": [Function],
  "getAllByAltText": [Function],
  "getAllByDisplayValue": [Function],
  "getAllByLabelText": [Function],
  "getAllByPlaceholderText": [Function],
  "getAllByRole": [Function],
  "getAllByTestId": [Function],
  "getAllByText": [Function],
  "getAllByTitle": [Function],
  "getByAltText": [Function],
  "getByDisplayValue": [Function],
  "getByLabelText": [Function],
  "getByPlaceholderText": [Function],
  "getByRole": [Function],
  "getByTestId": [Function],
  "getByText": [Function],
  "getByTitle": [Function],
  "html": [Function],
  "queryAllByAltText": [Function],
  "queryAllByDisplayValue": [Function],
  "queryAllByLabelText": [Function],
  "queryAllByPlaceholderText": [Function],
  "queryAllByRole": [Function],
  "queryAllByTestId": [Function],
  "queryAllByText": [Function],
  "queryAllByTitle": [Function],
  "queryByAltText": [Function],
  "queryByDisplayValue": [Function],
  "queryByLabelText": [Function],
  "queryByPlaceholderText": [Function],
  "queryByRole": [Function],
  "queryByTestId": [Function],
  "queryByText": [Function],
  "queryByTitle": [Function],
  "rerender": [Function],
  "unmount": [Function],
}
`;

exports[`IconCard > renders the correct icon based on the icon prop > renders the 'book' icon when iconType is 'book' 2`] = `
{
  "baseElement": <body>
    <div>
      <v-card
        class="icon-card"
        variant="outlined"
      >
        <v-card-title
          class="icon-card__header"
        >
          <div
            class="icon-card__title-container"
          >
            <div
              class="icon-card__title"
            >
              
               Default Title 
              
            </div>
            <div
              class="icon-card__icon"
            >
              <svg
                class="icon-card__icon"
                fill="none"
                height="55"
                viewBox="0 0 35 55"
                width="35"
                xmlns="http://www.w3.org/2000/svg"
              >
                <path
                  d="M32.8082 5.35681H25.7833V3.77317C25.7833 3.47021 25.5398 3.22234 25.2361 3.22234H21.1929C20.9248 1.40462 19.3791 0 17.4997 0C15.6204 0 14.0747 1.40462 13.8066 3.22234H9.76337C9.46245 3.22234 9.21624 3.46746 9.21624 3.77317V5.35681H2.19126C0.98207 5.35681 0 6.34551 0 7.56287V52.7939C0 54.0113 0.98207 55 2.19126 55H32.8033C34.0125 55 34.9945 54.0113 34.9945 52.7939L35 7.56287C35 6.34551 34.0174 5.35681 32.8082 5.35681ZM10.3158 4.32403H14.3044C14.6053 4.32403 14.8515 4.07891 14.8515 3.7732C14.8515 2.29977 16.0415 1.10166 17.5051 1.10166C18.9688 1.10166 20.1588 2.2997 20.1588 3.7732C20.1588 3.85032 20.1752 3.92193 20.2025 3.98803C20.2299 4.05413 20.2709 4.11196 20.3202 4.16154C20.4186 4.26068 20.5554 4.32128 20.7059 4.32128H24.6945V7.69513H10.3188V4.32128L10.3158 4.32403ZM33.9085 52.7941C33.9085 53.4028 33.416 53.9013 32.8087 53.9013H2.19952C1.59494 53.9013 1.09979 53.4056 1.09979 52.7941V7.56308C1.09979 6.95442 1.59221 6.45593 2.19952 6.45593H9.2245V8.24614C9.2245 8.5491 9.46798 8.79697 9.77164 8.79697H25.2419C25.5428 8.79697 25.789 8.55185 25.789 8.24614V6.45593H32.814C33.4186 6.45593 33.9137 6.95167 33.9137 7.56308V52.7941H33.9085ZM17.5054 5.53321C18.4683 5.53321 19.2535 4.74552 19.2535 3.77331C19.2535 2.80385 18.4711 2.01341 17.5054 2.01341C16.5424 2.01341 15.7573 2.8011 15.7573 3.77331C15.7573 4.74277 16.5424 5.53321 17.5054 5.53321ZM17.5054 3.11506C17.8665 3.11506 18.1592 3.41252 18.1592 3.7733C18.1592 4.13685 17.8638 4.43154 17.5054 4.43154C17.1443 4.43154 16.8516 4.13409 16.8516 3.7733C16.8516 3.40976 17.147 3.11506 17.5054 3.11506ZM5.09909 21.7223H12.8356C13.1365 21.7223 13.3827 21.4772 13.3827 21.1715V13.8812C13.3827 13.5782 13.1393 13.3303 12.8356 13.3303H5.09909C4.79816 13.3303 4.55195 13.5755 4.55195 13.8812V21.1715C4.55195 21.4745 4.79543 21.7223 5.09909 21.7223ZM5.64622 14.432H12.2884V20.6205H5.64622V14.432ZM5.18116 34.314H12.9177C13.2186 34.314 13.4648 34.0689 13.4648 33.7632V26.4729C13.4648 26.1699 13.2213 25.922 12.9177 25.922H5.18116C4.88023 25.922 4.63403 26.1671 4.63403 26.4729V33.7632C4.63403 34.0661 4.8775 34.314 5.18116 34.314ZM5.72829 27.0237H12.3705V33.2122H5.72829V27.0237ZM29.0142 26.6381C29.0142 26.9411 28.7707 27.1889 28.467 27.1889H17.1112C16.8103 27.1889 16.5641 26.9438 16.5641 26.6381C16.5641 26.3351 16.8076 26.0873 17.1112 26.0873H28.467C28.768 26.0873 29.0142 26.3324 29.0142 26.6381ZM16.4846 31.9398C16.4846 31.6368 16.7281 31.389 17.0318 31.389H28.3876C28.6885 31.389 28.9347 31.6341 28.9347 31.9398C28.9347 32.2428 28.6912 32.4906 28.3876 32.4906H17.0318C16.7308 32.4906 16.4846 32.2455 16.4846 31.9398ZM16.5667 14.3767C16.5667 14.0738 16.8102 13.8259 17.1138 13.8259H28.4696C28.7706 13.8259 29.0168 14.071 29.0168 14.3767C29.0168 14.6797 28.7733 14.9276 28.4696 14.9276H17.1138C16.8129 14.9276 16.5667 14.6824 16.5667 14.3767ZM16.4846 19.6784C16.4846 19.3755 16.7281 19.1276 17.0318 19.1276H28.3876C28.6885 19.1276 28.9347 19.3727 28.9347 19.6784C28.9347 19.9814 28.6912 20.2293 28.3876 20.2293H17.0318C16.7308 20.2293 16.4846 19.9841 16.4846 19.6784ZM12.9992 38.5139H5.26264C4.96172 38.5139 4.71551 38.759 4.71551 39.0648V46.3551C4.71551 46.658 4.95899 46.9059 5.26264 46.9059H12.9992C13.3001 46.9059 13.5463 46.6608 13.5463 46.3551V39.0648C13.5463 38.7618 13.3028 38.5139 12.9992 38.5139ZM12.452 45.8043H5.80984V39.613H12.452V45.8043ZM29.096 39.2301C29.096 39.5331 28.8525 39.781 28.5489 39.781H17.1931C16.8921 39.781 16.6459 39.5358 16.6459 39.2301C16.6459 38.9272 16.8894 38.6793 17.1931 38.6793H28.5489C28.8498 38.6793 29.096 38.9244 29.096 39.2301ZM29.0139 44.5318C29.0139 44.8348 28.7705 45.0827 28.4668 45.0827H17.111C16.8101 45.0827 16.5639 44.8375 16.5639 44.5318C16.5639 44.2289 16.8073 43.981 17.111 43.981H28.4668C28.7677 43.981 29.0139 44.2261 29.0139 44.5318Z"
                  data-testid="icon--clipboard"
                  fill="#A8DFF7"
                />
              </svg>
            </div>
          </div>
        </v-card-title>
        <v-card-text
          class="icon-card__content"
        >
          
           Default Content 
          
        </v-card-text>
      </v-card>
    </div>
  </body>,
  "container": <div>
    <v-card
      class="icon-card"
      variant="outlined"
    >
      <v-card-title
        class="icon-card__header"
      >
        <div
          class="icon-card__title-container"
        >
          <div
            class="icon-card__title"
          >
            
             Default Title 
            
          </div>
          <div
            class="icon-card__icon"
          >
            <svg
              class="icon-card__icon"
              fill="none"
              height="55"
              viewBox="0 0 35 55"
              width="35"
              xmlns="http://www.w3.org/2000/svg"
            >
              <path
                d="M32.8082 5.35681H25.7833V3.77317C25.7833 3.47021 25.5398 3.22234 25.2361 3.22234H21.1929C20.9248 1.40462 19.3791 0 17.4997 0C15.6204 0 14.0747 1.40462 13.8066 3.22234H9.76337C9.46245 3.22234 9.21624 3.46746 9.21624 3.77317V5.35681H2.19126C0.98207 5.35681 0 6.34551 0 7.56287V52.7939C0 54.0113 0.98207 55 2.19126 55H32.8033C34.0125 55 34.9945 54.0113 34.9945 52.7939L35 7.56287C35 6.34551 34.0174 5.35681 32.8082 5.35681ZM10.3158 4.32403H14.3044C14.6053 4.32403 14.8515 4.07891 14.8515 3.7732C14.8515 2.29977 16.0415 1.10166 17.5051 1.10166C18.9688 1.10166 20.1588 2.2997 20.1588 3.7732C20.1588 3.85032 20.1752 3.92193 20.2025 3.98803C20.2299 4.05413 20.2709 4.11196 20.3202 4.16154C20.4186 4.26068 20.5554 4.32128 20.7059 4.32128H24.6945V7.69513H10.3188V4.32128L10.3158 4.32403ZM33.9085 52.7941C33.9085 53.4028 33.416 53.9013 32.8087 53.9013H2.19952C1.59494 53.9013 1.09979 53.4056 1.09979 52.7941V7.56308C1.09979 6.95442 1.59221 6.45593 2.19952 6.45593H9.2245V8.24614C9.2245 8.5491 9.46798 8.79697 9.77164 8.79697H25.2419C25.5428 8.79697 25.789 8.55185 25.789 8.24614V6.45593H32.814C33.4186 6.45593 33.9137 6.95167 33.9137 7.56308V52.7941H33.9085ZM17.5054 5.53321C18.4683 5.53321 19.2535 4.74552 19.2535 3.77331C19.2535 2.80385 18.4711 2.01341 17.5054 2.01341C16.5424 2.01341 15.7573 2.8011 15.7573 3.77331C15.7573 4.74277 16.5424 5.53321 17.5054 5.53321ZM17.5054 3.11506C17.8665 3.11506 18.1592 3.41252 18.1592 3.7733C18.1592 4.13685 17.8638 4.43154 17.5054 4.43154C17.1443 4.43154 16.8516 4.13409 16.8516 3.7733C16.8516 3.40976 17.147 3.11506 17.5054 3.11506ZM5.09909 21.7223H12.8356C13.1365 21.7223 13.3827 21.4772 13.3827 21.1715V13.8812C13.3827 13.5782 13.1393 13.3303 12.8356 13.3303H5.09909C4.79816 13.3303 4.55195 13.5755 4.55195 13.8812V21.1715C4.55195 21.4745 4.79543 21.7223 5.09909 21.7223ZM5.64622 14.432H12.2884V20.6205H5.64622V14.432ZM5.18116 34.314H12.9177C13.2186 34.314 13.4648 34.0689 13.4648 33.7632V26.4729C13.4648 26.1699 13.2213 25.922 12.9177 25.922H5.18116C4.88023 25.922 4.63403 26.1671 4.63403 26.4729V33.7632C4.63403 34.0661 4.8775 34.314 5.18116 34.314ZM5.72829 27.0237H12.3705V33.2122H5.72829V27.0237ZM29.0142 26.6381C29.0142 26.9411 28.7707 27.1889 28.467 27.1889H17.1112C16.8103 27.1889 16.5641 26.9438 16.5641 26.6381C16.5641 26.3351 16.8076 26.0873 17.1112 26.0873H28.467C28.768 26.0873 29.0142 26.3324 29.0142 26.6381ZM16.4846 31.9398C16.4846 31.6368 16.7281 31.389 17.0318 31.389H28.3876C28.6885 31.389 28.9347 31.6341 28.9347 31.9398C28.9347 32.2428 28.6912 32.4906 28.3876 32.4906H17.0318C16.7308 32.4906 16.4846 32.2455 16.4846 31.9398ZM16.5667 14.3767C16.5667 14.0738 16.8102 13.8259 17.1138 13.8259H28.4696C28.7706 13.8259 29.0168 14.071 29.0168 14.3767C29.0168 14.6797 28.7733 14.9276 28.4696 14.9276H17.1138C16.8129 14.9276 16.5667 14.6824 16.5667 14.3767ZM16.4846 19.6784C16.4846 19.3755 16.7281 19.1276 17.0318 19.1276H28.3876C28.6885 19.1276 28.9347 19.3727 28.9347 19.6784C28.9347 19.9814 28.6912 20.2293 28.3876 20.2293H17.0318C16.7308 20.2293 16.4846 19.9841 16.4846 19.6784ZM12.9992 38.5139H5.26264C4.96172 38.5139 4.71551 38.759 4.71551 39.0648V46.3551C4.71551 46.658 4.95899 46.9059 5.26264 46.9059H12.9992C13.3001 46.9059 13.5463 46.6608 13.5463 46.3551V39.0648C13.5463 38.7618 13.3028 38.5139 12.9992 38.5139ZM12.452 45.8043H5.80984V39.613H12.452V45.8043ZM29.096 39.2301C29.096 39.5331 28.8525 39.781 28.5489 39.781H17.1931C16.8921 39.781 16.6459 39.5358 16.6459 39.2301C16.6459 38.9272 16.8894 38.6793 17.1931 38.6793H28.5489C28.8498 38.6793 29.096 38.9244 29.096 39.2301ZM29.0139 44.5318C29.0139 44.8348 28.7705 45.0827 28.4668 45.0827H17.111C16.8101 45.0827 16.5639 44.8375 16.5639 44.5318C16.5639 44.2289 16.8073 43.981 17.111 43.981H28.4668C28.7677 43.981 29.0139 44.2261 29.0139 44.5318Z"
                data-testid="icon--clipboard"
                fill="#A8DFF7"
              />
            </svg>
          </div>
        </div>
      </v-card-title>
      <v-card-text
        class="icon-card__content"
      >
        
         Default Content 
        
      </v-card-text>
    </v-card>
  </div>,
  "debug": [Function],
  "emitted": [Function],
  "findAllByAltText": [Function],
  "findAllByDisplayValue": [Function],
  "findAllByLabelText": [Function],
  "findAllByPlaceholderText": [Function],
  "findAllByRole": [Function],
  "findAllByTestId": [Function],
  "findAllByText": [Function],
  "findAllByTitle": [Function],
  "findByAltText": [Function],
  "findByDisplayValue": [Function],
  "findByLabelText": [Function],
  "findByPlaceholderText": [Function],
  "findByRole": [Function],
  "findByTestId": [Function],
  "findByText": [Function],
  "findByTitle": [Function],
  "getAllByAltText": [Function],
  "getAllByDisplayValue": [Function],
  "getAllByLabelText": [Function],
  "getAllByPlaceholderText": [Function],
  "getAllByRole": [Function],
  "getAllByTestId": [Function],
  "getAllByText": [Function],
  "getAllByTitle": [Function],
  "getByAltText": [Function],
  "getByDisplayValue": [Function],
  "getByLabelText": [Function],
  "getByPlaceholderText": [Function],
  "getByRole": [Function],
  "getByTestId": [Function],
  "getByText": [Function],
  "getByTitle": [Function],
  "html": [Function],
  "queryAllByAltText": [Function],
  "queryAllByDisplayValue": [Function],
  "queryAllByLabelText": [Function],
  "queryAllByPlaceholderText": [Function],
  "queryAllByRole": [Function],
  "queryAllByTestId": [Function],
  "queryAllByText": [Function],
  "queryAllByTitle": [Function],
  "queryByAltText": [Function],
  "queryByDisplayValue": [Function],
  "queryByLabelText": [Function],
  "queryByPlaceholderText": [Function],
  "queryByRole": [Function],
  "queryByTestId": [Function],
  "queryByText": [Function],
  "queryByTitle": [Function],
  "rerender": [Function],
  "unmount": [Function],
}
`;

exports[`IconCard > renders the correct icon based on the icon prop > renders the 'book' icon when iconType is 'book' 3`] = `
{
  "baseElement": <body>
    <div>
      <v-card
        class="icon-card"
        variant="outlined"
      >
        <v-card-title
          class="icon-card__header"
        >
          <div
            class="icon-card__title-container"
          >
            <div
              class="icon-card__title"
            >
              
               Default Title 
              
            </div>
            <div
              class="icon-card__icon"
            >
              <svg
                class="icon-card__icon"
                fill="none"
                height="55"
                viewBox="0 0 55 55"
                width="55"
                xmlns="http://www.w3.org/2000/svg"
              >
                <path
                  clip-rule="evenodd"
                  d="M18.3085 33.1269C14.3521 33.1269 10.6333 31.5855 7.83749 28.7894C5.04171 25.9933 3.5 22.2746 3.5 18.3184C3.5 14.3623 5.04134 10.6433 7.83749 7.84749C10.6336 5.05172 14.3523 3.51001 18.3085 3.51001C22.2649 3.51001 25.9837 5.05135 28.7794 7.84749C34.5522 13.6203 34.5522 23.0174 28.7794 28.7901C25.9833 31.5863 22.2646 33.1269 18.3085 33.1269ZM18.3085 4.65575C14.6585 4.65575 11.2265 6.07674 8.64792 8.65799C6.06666 11.2392 4.64567 14.6685 4.64567 18.3185C4.64567 21.9684 6.06666 25.4005 8.64792 27.979C11.2292 30.5603 14.6585 31.9813 18.3085 31.9813C21.9584 31.9813 25.3905 30.5603 27.969 27.979C33.2948 22.6504 33.2948 13.984 27.969 8.65506C25.3878 6.07381 21.9584 4.65281 18.3085 4.65281V4.65575Z"
                  data-testid="icon--search"
                  fill="#A8DFF7"
                  fill-rule="evenodd"
                />
                <path
                  clip-rule="evenodd"
                  d="M18.3088 36.6332C13.4155 36.6332 8.81765 34.728 5.35666 31.2672C-1.78555 24.125 -1.78555 12.505 5.35666 5.36595C8.8175 1.90512 13.4154 0 18.3088 0C23.2021 0 27.7999 1.90519 31.2609 5.36595C38.4031 12.5082 38.4031 24.1282 31.2609 31.2672C27.8001 34.728 23.2021 36.6332 18.3088 36.6332ZM18.3088 1.14545C13.7221 1.14545 9.41025 2.93028 6.16709 6.17337C-0.528187 12.8686 -0.528187 23.7606 6.16709 30.456C9.41018 33.6991 13.722 35.4839 18.3088 35.4839C22.8956 35.4839 27.2073 33.6991 30.4505 30.456C37.1457 23.7607 37.1457 12.8687 30.4505 6.17337C27.2074 2.93028 22.8956 1.14545 18.3088 1.14545Z"
                  fill="#A8DFF7"
                  fill-rule="evenodd"
                />
                <path
                  clip-rule="evenodd"
                  d="M34.0683 38.9684C33.9222 38.9684 33.7761 38.9111 33.6644 38.7994L28.1036 33.2386C27.8802 33.0152 27.8802 32.6513 28.1036 32.4279C28.3271 32.2044 28.6909 32.2044 28.9144 32.4279L34.4752 37.9886C34.6986 38.2121 34.6986 38.5759 34.4752 38.7994C34.3635 38.9111 34.2173 38.9684 34.0712 38.9684H34.0683ZM38.3857 34.651C38.2396 34.651 38.0935 34.5937 37.9818 34.482L32.421 28.9213C32.1976 28.6978 32.1976 28.334 32.421 28.1105C32.6445 27.887 33.0083 27.887 33.2318 28.1105L38.7926 33.6712C39.016 33.8947 39.016 34.2585 38.7926 34.482C38.6808 34.5937 38.5347 34.651 38.3886 34.651H38.3857Z"
                  fill="#A8DFF7"
                  fill-rule="evenodd"
                />
                <path
                  clip-rule="evenodd"
                  d="M49.7617 55C48.3607 55 47.0457 54.4586 46.0602 53.4731L35.0135 42.4264C32.9708 40.3837 32.9708 37.0633 35.0135 35.0233C35.999 34.0377 37.314 33.4963 38.7149 33.4963C40.1159 33.4963 41.4309 34.0378 42.4164 35.0233L53.4631 46.07C54.4487 47.0556 54.9901 48.3705 54.9901 49.7715C54.9901 51.1724 54.4486 52.4874 53.4631 53.4729C52.4776 54.4585 51.1626 55 49.7617 55ZM38.7149 34.639C37.6177 34.639 36.5921 35.063 35.8243 35.8308C35.0565 36.5986 34.6325 37.6271 34.6325 38.7243C34.6325 39.8216 35.0565 40.8472 35.8243 41.615L46.871 52.6617C47.6388 53.4295 48.6672 53.8535 49.7645 53.8535C50.8618 53.8535 51.8874 53.4295 52.6552 52.6617C53.423 51.8939 53.847 50.8654 53.847 49.7682C53.847 48.6709 53.423 47.6453 52.6552 46.8775L41.6085 35.8308C40.8407 35.063 39.8122 34.639 38.7178 34.639H38.7149Z"
                  fill="#A8DFF7"
                  fill-rule="evenodd"
                />
                <path
                  clip-rule="evenodd"
                  d="M25.9229 11.2733C25.7768 11.2733 25.6306 11.216 25.5189 11.1043C23.5937 9.17904 21.0325 8.11904 18.308 8.11904C15.5835 8.11904 13.0251 9.17904 11.097 11.1043C10.8736 11.3277 10.5097 11.3277 10.2863 11.1043C10.0628 10.8808 10.0628 10.5169 10.2863 10.2935C12.4292 8.1505 15.2769 6.97021 18.3083 6.97021C21.3394 6.97021 24.1871 8.15057 26.3304 10.2935C26.5539 10.5169 26.5539 10.8808 26.3304 11.1043C26.2187 11.216 26.0726 11.2733 25.9265 11.2733H25.9229Z"
                  fill="#A8DFF7"
                  fill-rule="evenodd"
                />
              </svg>
            </div>
          </div>
        </v-card-title>
        <v-card-text
          class="icon-card__content"
        >
          
           Default Content 
          
        </v-card-text>
      </v-card>
    </div>
  </body>,
  "container": <div>
    <v-card
      class="icon-card"
      variant="outlined"
    >
      <v-card-title
        class="icon-card__header"
      >
        <div
          class="icon-card__title-container"
        >
          <div
            class="icon-card__title"
          >
            
             Default Title 
            
          </div>
          <div
            class="icon-card__icon"
          >
            <svg
              class="icon-card__icon"
              fill="none"
              height="55"
              viewBox="0 0 55 55"
              width="55"
              xmlns="http://www.w3.org/2000/svg"
            >
              <path
                clip-rule="evenodd"
                d="M18.3085 33.1269C14.3521 33.1269 10.6333 31.5855 7.83749 28.7894C5.04171 25.9933 3.5 22.2746 3.5 18.3184C3.5 14.3623 5.04134 10.6433 7.83749 7.84749C10.6336 5.05172 14.3523 3.51001 18.3085 3.51001C22.2649 3.51001 25.9837 5.05135 28.7794 7.84749C34.5522 13.6203 34.5522 23.0174 28.7794 28.7901C25.9833 31.5863 22.2646 33.1269 18.3085 33.1269ZM18.3085 4.65575C14.6585 4.65575 11.2265 6.07674 8.64792 8.65799C6.06666 11.2392 4.64567 14.6685 4.64567 18.3185C4.64567 21.9684 6.06666 25.4005 8.64792 27.979C11.2292 30.5603 14.6585 31.9813 18.3085 31.9813C21.9584 31.9813 25.3905 30.5603 27.969 27.979C33.2948 22.6504 33.2948 13.984 27.969 8.65506C25.3878 6.07381 21.9584 4.65281 18.3085 4.65281V4.65575Z"
                data-testid="icon--search"
                fill="#A8DFF7"
                fill-rule="evenodd"
              />
              <path
                clip-rule="evenodd"
                d="M18.3088 36.6332C13.4155 36.6332 8.81765 34.728 5.35666 31.2672C-1.78555 24.125 -1.78555 12.505 5.35666 5.36595C8.8175 1.90512 13.4154 0 18.3088 0C23.2021 0 27.7999 1.90519 31.2609 5.36595C38.4031 12.5082 38.4031 24.1282 31.2609 31.2672C27.8001 34.728 23.2021 36.6332 18.3088 36.6332ZM18.3088 1.14545C13.7221 1.14545 9.41025 2.93028 6.16709 6.17337C-0.528187 12.8686 -0.528187 23.7606 6.16709 30.456C9.41018 33.6991 13.722 35.4839 18.3088 35.4839C22.8956 35.4839 27.2073 33.6991 30.4505 30.456C37.1457 23.7607 37.1457 12.8687 30.4505 6.17337C27.2074 2.93028 22.8956 1.14545 18.3088 1.14545Z"
                fill="#A8DFF7"
                fill-rule="evenodd"
              />
              <path
                clip-rule="evenodd"
                d="M34.0683 38.9684C33.9222 38.9684 33.7761 38.9111 33.6644 38.7994L28.1036 33.2386C27.8802 33.0152 27.8802 32.6513 28.1036 32.4279C28.3271 32.2044 28.6909 32.2044 28.9144 32.4279L34.4752 37.9886C34.6986 38.2121 34.6986 38.5759 34.4752 38.7994C34.3635 38.9111 34.2173 38.9684 34.0712 38.9684H34.0683ZM38.3857 34.651C38.2396 34.651 38.0935 34.5937 37.9818 34.482L32.421 28.9213C32.1976 28.6978 32.1976 28.334 32.421 28.1105C32.6445 27.887 33.0083 27.887 33.2318 28.1105L38.7926 33.6712C39.016 33.8947 39.016 34.2585 38.7926 34.482C38.6808 34.5937 38.5347 34.651 38.3886 34.651H38.3857Z"
                fill="#A8DFF7"
                fill-rule="evenodd"
              />
              <path
                clip-rule="evenodd"
                d="M49.7617 55C48.3607 55 47.0457 54.4586 46.0602 53.4731L35.0135 42.4264C32.9708 40.3837 32.9708 37.0633 35.0135 35.0233C35.999 34.0377 37.314 33.4963 38.7149 33.4963C40.1159 33.4963 41.4309 34.0378 42.4164 35.0233L53.4631 46.07C54.4487 47.0556 54.9901 48.3705 54.9901 49.7715C54.9901 51.1724 54.4486 52.4874 53.4631 53.4729C52.4776 54.4585 51.1626 55 49.7617 55ZM38.7149 34.639C37.6177 34.639 36.5921 35.063 35.8243 35.8308C35.0565 36.5986 34.6325 37.6271 34.6325 38.7243C34.6325 39.8216 35.0565 40.8472 35.8243 41.615L46.871 52.6617C47.6388 53.4295 48.6672 53.8535 49.7645 53.8535C50.8618 53.8535 51.8874 53.4295 52.6552 52.6617C53.423 51.8939 53.847 50.8654 53.847 49.7682C53.847 48.6709 53.423 47.6453 52.6552 46.8775L41.6085 35.8308C40.8407 35.063 39.8122 34.639 38.7178 34.639H38.7149Z"
                fill="#A8DFF7"
                fill-rule="evenodd"
              />
              <path
                clip-rule="evenodd"
                d="M25.9229 11.2733C25.7768 11.2733 25.6306 11.216 25.5189 11.1043C23.5937 9.17904 21.0325 8.11904 18.308 8.11904C15.5835 8.11904 13.0251 9.17904 11.097 11.1043C10.8736 11.3277 10.5097 11.3277 10.2863 11.1043C10.0628 10.8808 10.0628 10.5169 10.2863 10.2935C12.4292 8.1505 15.2769 6.97021 18.3083 6.97021C21.3394 6.97021 24.1871 8.15057 26.3304 10.2935C26.5539 10.5169 26.5539 10.8808 26.3304 11.1043C26.2187 11.216 26.0726 11.2733 25.9265 11.2733H25.9229Z"
                fill="#A8DFF7"
                fill-rule="evenodd"
              />
            </svg>
          </div>
        </div>
      </v-card-title>
      <v-card-text
        class="icon-card__content"
      >
        
         Default Content 
        
      </v-card-text>
    </v-card>
  </div>,
  "debug": [Function],
  "emitted": [Function],
  "findAllByAltText": [Function],
  "findAllByDisplayValue": [Function],
  "findAllByLabelText": [Function],
  "findAllByPlaceholderText": [Function],
  "findAllByRole": [Function],
  "findAllByTestId": [Function],
  "findAllByText": [Function],
  "findAllByTitle": [Function],
  "findByAltText": [Function],
  "findByDisplayValue": [Function],
  "findByLabelText": [Function],
  "findByPlaceholderText": [Function],
  "findByRole": [Function],
  "findByTestId": [Function],
  "findByText": [Function],
  "findByTitle": [Function],
  "getAllByAltText": [Function],
  "getAllByDisplayValue": [Function],
  "getAllByLabelText": [Function],
  "getAllByPlaceholderText": [Function],
  "getAllByRole": [Function],
  "getAllByTestId": [Function],
  "getAllByText": [Function],
  "getAllByTitle": [Function],
  "getByAltText": [Function],
  "getByDisplayValue": [Function],
  "getByLabelText": [Function],
  "getByPlaceholderText": [Function],
  "getByRole": [Function],
  "getByTestId": [Function],
  "getByText": [Function],
  "getByTitle": [Function],
  "html": [Function],
  "queryAllByAltText": [Function],
  "queryAllByDisplayValue": [Function],
  "queryAllByLabelText": [Function],
  "queryAllByPlaceholderText": [Function],
  "queryAllByRole": [Function],
  "queryAllByTestId": [Function],
  "queryAllByText": [Function],
  "queryAllByTitle": [Function],
  "queryByAltText": [Function],
  "queryByDisplayValue": [Function],
  "queryByLabelText": [Function],
  "queryByPlaceholderText": [Function],
  "queryByRole": [Function],
  "queryByTestId": [Function],
  "queryByText": [Function],
  "queryByTitle": [Function],
  "rerender": [Function],
  "unmount": [Function],
}
`;
