// Vitest Snapshot v1, https://vitest.dev/guide/snapshot.html

exports[`Jump to > Checks to see if the snap shot matches 1`] = `
{
  "baseElement": <body>
    <div>
      <div>
        <form>
          <div
            class="jump-to-input"
          >
            <select
              aria-label="Regulation title number"
              class="ds-c-field"
              id="jumpToTitle"
              name="title"
              required="required"
            >
              <option
                disabled="disabled"
                selected="selected"
                value=""
              >
                Title
              </option>
            </select>
            <span
              class="section-symbol"
            >
              ยง
            </span>
            <select
              aria-label="Regulation part number"
              class="ds-c-field"
              disabled="disabled"
              id="jumpToPart"
              name="part"
              required="required"
            >
              <option
                disable=""
                selected="selected"
                value=""
              >
                Part
              </option>
            </select>
            <span
              class="dot"
            >
              .
            </span>
            <input
              aria-label="Regulation section number, i.e. 111"
              class="number-box ds-c-field"
              id="jumpToSection"
              name="section"
              pattern="\\\\d+"
              placeholder=""
              title="Regulation section number, i.e. 111"
              type="text"
            />
            <input
              class="submit"
              id="jumpBtn"
              type="submit"
              value="Go"
            />
          </div>
        </form>
      </div>
    </div>
  </body>,
  "container": <div>
    <div>
      <form>
        <div
          class="jump-to-input"
        >
          <select
            aria-label="Regulation title number"
            class="ds-c-field"
            id="jumpToTitle"
            name="title"
            required="required"
          >
            <option
              disabled="disabled"
              selected="selected"
              value=""
            >
              Title
            </option>
          </select>
          <span
            class="section-symbol"
          >
            ยง
          </span>
          <select
            aria-label="Regulation part number"
            class="ds-c-field"
            disabled="disabled"
            id="jumpToPart"
            name="part"
            required="required"
          >
            <option
              disable=""
              selected="selected"
              value=""
            >
              Part
            </option>
          </select>
          <span
            class="dot"
          >
            .
          </span>
          <input
            aria-label="Regulation section number, i.e. 111"
            class="number-box ds-c-field"
            id="jumpToSection"
            name="section"
            pattern="\\\\d+"
            placeholder=""
            title="Regulation section number, i.e. 111"
            type="text"
          />
          <input
            class="submit"
            id="jumpBtn"
            type="submit"
            value="Go"
          />
        </div>
      </form>
    </div>
  </div>,
  "debug": [Function],
  "emitted": [Function],
  "findAllByAltText": [Function],
  "findAllByDisplayValue": [Function],
  "findAllByLabelText": [Function],
  "findAllByPlaceholderText": [Function],
  "findAllByRole": [Function],
  "findAllByTestId": [Function],
  "findAllByText": [Function],
  "findAllByTitle": [Function],
  "findByAltText": [Function],
  "findByDisplayValue": [Function],
  "findByLabelText": [Function],
  "findByPlaceholderText": [Function],
  "findByRole": [Function],
  "findByTestId": [Function],
  "findByText": [Function],
  "findByTitle": [Function],
  "getAllByAltText": [Function],
  "getAllByDisplayValue": [Function],
  "getAllByLabelText": [Function],
  "getAllByPlaceholderText": [Function],
  "getAllByRole": [Function],
  "getAllByTestId": [Function],
  "getAllByText": [Function],
  "getAllByTitle": [Function],
  "getByAltText": [Function],
  "getByDisplayValue": [Function],
  "getByLabelText": [Function],
  "getByPlaceholderText": [Function],
  "getByRole": [Function],
  "getByTestId": [Function],
  "getByText": [Function],
  "getByTitle": [Function],
  "html": [Function],
  "isUnmounted": [Function],
  "queryAllByAltText": [Function],
  "queryAllByDisplayValue": [Function],
  "queryAllByLabelText": [Function],
  "queryAllByPlaceholderText": [Function],
  "queryAllByRole": [Function],
  "queryAllByTestId": [Function],
  "queryAllByText": [Function],
  "queryAllByTitle": [Function],
  "queryByAltText": [Function],
  "queryByDisplayValue": [Function],
  "queryByLabelText": [Function],
  "queryByPlaceholderText": [Function],
  "queryByRole": [Function],
  "queryByTestId": [Function],
  "queryByText": [Function],
  "queryByTitle": [Function],
  "unmount": [Function],
  "updateProps": [Function],
}
`;
