// Vitest Snapshot v1, https://vitest.dev/guide/snapshot.html

exports[`LastParserSuccessDate > Creates a snapshot of parserdate 1`] = `
{
  "baseElement": <body>
    <div>
      <span>
        <span
          class="spinner-span"
        >
          <div
            class="ds-u-display--flex ds-u-justify-content--center ds-u-align-items--center loading-spinner"
          >
            <span
              class="ds-c-spinner ds-c-spinner--small"
              role="status"
              style="margin: 0px;"
            >
              <span
                class="ds-u-visibility--screen-reader"
              >
                Loading
              </span>
            </span>
          </div>
        </span>
      </span>
    </div>
  </body>,
  "container": <div>
    <span>
      <span
        class="spinner-span"
      >
        <div
          class="ds-u-display--flex ds-u-justify-content--center ds-u-align-items--center loading-spinner"
        >
          <span
            class="ds-c-spinner ds-c-spinner--small"
            role="status"
            style="margin: 0px;"
          >
            <span
              class="ds-u-visibility--screen-reader"
            >
              Loading
            </span>
          </span>
        </div>
      </span>
    </span>
  </div>,
  "debug": [Function],
  "emitted": [Function],
  "findAllByAltText": [Function],
  "findAllByDisplayValue": [Function],
  "findAllByLabelText": [Function],
  "findAllByPlaceholderText": [Function],
  "findAllByRole": [Function],
  "findAllByTestId": [Function],
  "findAllByText": [Function],
  "findAllByTitle": [Function],
  "findByAltText": [Function],
  "findByDisplayValue": [Function],
  "findByLabelText": [Function],
  "findByPlaceholderText": [Function],
  "findByRole": [Function],
  "findByTestId": [Function],
  "findByText": [Function],
  "findByTitle": [Function],
  "getAllByAltText": [Function],
  "getAllByDisplayValue": [Function],
  "getAllByLabelText": [Function],
  "getAllByPlaceholderText": [Function],
  "getAllByRole": [Function],
  "getAllByTestId": [Function],
  "getAllByText": [Function],
  "getAllByTitle": [Function],
  "getByAltText": [Function],
  "getByDisplayValue": [Function],
  "getByLabelText": [Function],
  "getByPlaceholderText": [Function],
  "getByRole": [Function],
  "getByTestId": [Function],
  "getByText": [Function],
  "getByTitle": [Function],
  "html": [Function],
  "queryAllByAltText": [Function],
  "queryAllByDisplayValue": [Function],
  "queryAllByLabelText": [Function],
  "queryAllByPlaceholderText": [Function],
  "queryAllByRole": [Function],
  "queryAllByTestId": [Function],
  "queryAllByText": [Function],
  "queryAllByTitle": [Function],
  "queryByAltText": [Function],
  "queryByDisplayValue": [Function],
  "queryByLabelText": [Function],
  "queryByPlaceholderText": [Function],
  "queryByRole": [Function],
  "queryByTestId": [Function],
  "queryByText": [Function],
  "queryByTitle": [Function],
  "rerender": [Function],
  "unmount": [Function],
}
`;
