
Sample GAO.gov Report Title
This is a sample paragraph from a GAO.gov report. It provides an overview of the report's findings and recommendations.
