
A Sample Page
This is a sample page for testing the text extraction functionality.
It contains various elements that should be processed correctly.

Content Section
This section contains important information.

Item 1
Item 2
Item 3


