This is a Windows-1252 text file containing this character: Â¯
