
 
 This is a title 
 
 
 
 
 
 Hello world! 
 abc 
 this is a link 
 
 
