Testing.

 

----

Nazia Hussain

 

 test file.docx Hello, this is a test file.