// Vitest Snapshot v1, https://vitest.dev/guide/snapshot.html

exports[`Related Sections > Renders a Related Sections component 1`] = `
{
  "baseElement": <body>
    <div>
      <div
        class="related-sections"
      >
        <span
          class="related-sections-title"
        >
          Related Section
          <!--v-if-->
          : 
        </span>
        
        
        <span
          class="title__span"
        >
          42 CFR 
        </span>
        <span
          class="section-sign"
        >
          ยง 
        </span>
        
        <span
          class="related-section-link"
        >
          <a
            href="/42/447/272#447-272"
          >
            447.272
          </a>
          <!--v-if-->
        </span>
        
        <!--v-if-->
        
        
      </div>
    </div>
  </body>,
  "container": <div>
    <div
      class="related-sections"
    >
      <span
        class="related-sections-title"
      >
        Related Section
        <!--v-if-->
        : 
      </span>
      
      
      <span
        class="title__span"
      >
        42 CFR 
      </span>
      <span
        class="section-sign"
      >
        ยง 
      </span>
      
      <span
        class="related-section-link"
      >
        <a
          href="/42/447/272#447-272"
        >
          447.272
        </a>
        <!--v-if-->
      </span>
      
      <!--v-if-->
      
      
    </div>
  </div>,
  "debug": [Function],
  "emitted": [Function],
  "findAllByAltText": [Function],
  "findAllByDisplayValue": [Function],
  "findAllByLabelText": [Function],
  "findAllByPlaceholderText": [Function],
  "findAllByRole": [Function],
  "findAllByTestId": [Function],
  "findAllByText": [Function],
  "findAllByTitle": [Function],
  "findByAltText": [Function],
  "findByDisplayValue": [Function],
  "findByLabelText": [Function],
  "findByPlaceholderText": [Function],
  "findByRole": [Function],
  "findByTestId": [Function],
  "findByText": [Function],
  "findByTitle": [Function],
  "getAllByAltText": [Function],
  "getAllByDisplayValue": [Function],
  "getAllByLabelText": [Function],
  "getAllByPlaceholderText": [Function],
  "getAllByRole": [Function],
  "getAllByTestId": [Function],
  "getAllByText": [Function],
  "getAllByTitle": [Function],
  "getByAltText": [Function],
  "getByDisplayValue": [Function],
  "getByLabelText": [Function],
  "getByPlaceholderText": [Function],
  "getByRole": [Function],
  "getByTestId": [Function],
  "getByText": [Function],
  "getByTitle": [Function],
  "html": [Function],
  "queryAllByAltText": [Function],
  "queryAllByDisplayValue": [Function],
  "queryAllByLabelText": [Function],
  "queryAllByPlaceholderText": [Function],
  "queryAllByRole": [Function],
  "queryAllByTestId": [Function],
  "queryAllByText": [Function],
  "queryAllByTitle": [Function],
  "queryByAltText": [Function],
  "queryByDisplayValue": [Function],
  "queryByLabelText": [Function],
  "queryByPlaceholderText": [Function],
  "queryByRole": [Function],
  "queryByTestId": [Function],
  "queryByText": [Function],
  "queryByTitle": [Function],
  "rerender": [Function],
  "unmount": [Function],
}
`;
