[
 {
  "header": "Final_Rules",
  "links": [
   {
    "name": "Medicaid Program; Medicaid Management Information System: Revised Definition of “Mechanized Claims Processing and Information Retrieval System” (54 FR 41966), October 13, 1989.",
    "href": "https://s3.amazonaws.com/archives.federalregister.gov/issue_slice/1989/10/13/41964-41974.pdf#page=3",
    "regs": [
     "433-111",
     "433-112",
     "433-114",
     "433-119",
     "433-120",
     "433-121",
     "433-122",
     "433-130",
     "433-131"
    ]
   },
   {
    "name": "Medicaid Program; Mechanized Claims Processing and Information Retrieval Systems (90/10) (80 FR 75817), December 4, 2015",
    "href": "https://www.federalregister.gov/documents/2015/12/04/2015-30591/medicaid-program-mechanized-claims-processing-and-information-retrieval-systems-9010",
    "regs": [
     "433-110",
     "433-111",
     "433-112",
     "433-116",
     "433-119",
     "433-120"
    ]
   },
   {
    "name": "Medicaid Program; Federal Funding for Medicaid Eligibility Determination and Enrollment Activities (76 FR 21950), April 19, 2011",
    "href": "https://www.govinfo.gov/content/pkg/FR-2011-04-19/pdf/2011-9340.pdf",
    "regs": [
     "433-110",
     "433-111",
     "433-112",
     "433-114",
     "433-116",
     "433-117",
     "433-119",
     "433-120",
     "433-121",
     "433-130",
     "433-131"
    ]
   }
  ]
 },
 {
  "header": "NPRMs",
  "links": [
   {
    "name": "Medicaid Program; Medicaid Management Information System: Revised Definition of \"Mechanized Claims Processing and Information Retrieval System\" (53 FR 30317) August 11, 1988",
    "href": "Federal Register: 53 Fed. Reg. 30243 (Aug. 11, 1988). (loc.gov)",
    "regs": [
     "433-111",
     "433-112",
     "433-119",
     "433-120",
     "433-121",
     "433-122",
     "433-131"
    ]
   },
   {
    "name": "Medicaid Program; Mechanized Claims Processing and Information Retrieval Systems (90/10) (80 FR 20455), April 16\n2015\r",
    "href": "https://www.federalregister.gov/documents/2015/04/16/2015-08754/medicaid-program-mechanized-claims-processing-and-information-retrieval-systems-9010",
    "regs": [
     "433-11",
     "433-111",
     "433-112",
     "433-116",
     "433-119",
     "433-120"
    ]
   }
  ]
 }
]