[
 {
  "title": "Final_Rules",
  "supplemental_content": [
   {
    "title": "Medicaid Program; Medicaid Management Information System: Revised Definition of “Mechanized Claims Processing and Information Retrieval System” (54 FR 41966), October 13, 1989.",
    "url": "https://s3.amazonaws.com/archives.federalregister.gov/issue_slice/1989/10/13/41964-41974.pdf#page=3",
    "sections": [
     {
      "title": "42",
      "part": "433",
      "section": "111"
     },
     {
      "title": "42",
      "part": "433",
      "section": "112"
     },
     {
      "title": "42",
      "part": "433",
      "section": "114"
     },
     {
      "title": "42",
      "part": "433",
      "section": "119"
     },
     {
      "title": "42",
      "part": "433",
      "section": "120"
     },
     {
      "title": "42",
      "part": "433",
      "section": "121"
     },
     {
      "title": "42",
      "part": "433",
      "section": "122"
     },
     {
      "title": "42",
      "part": "433",
      "section": "130"
     },
     {
      "title": "42",
      "part": "433",
      "section": "131"
     }
    ]
   },
   {
    "title": "Medicaid Program; Mechanized Claims Processing and Information Retrieval Systems (90/10) (80 FR 75817), December 4, 2015",
    "url": "https://www.federalregister.gov/documents/2015/12/04/2015-30591/medicaid-program-mechanized-claims-processing-and-information-retrieval-systems-9010",
    "sections": [
     {
      "title": "42",
      "part": "433",
      "section": "110"
     },
     {
      "title": "42",
      "part": "433",
      "section": "111"
     },
     {
      "title": "42",
      "part": "433",
      "section": "112"
     },
     {
      "title": "42",
      "part": "433",
      "section": "116"
     },
     {
      "title": "42",
      "part": "433",
      "section": "119"
     },
     {
      "title": "42",
      "part": "433",
      "section": "120"
     }
    ]
   },
   {
    "title": "Medicaid Program; Federal Funding for Medicaid Eligibility Determination and Enrollment Activities (76 FR 21950), April 19, 2011",
    "url": "https://www.govinfo.gov/content/pkg/FR-2011-04-19/pdf/2011-9340.pdf",
    "sections": [
     {
      "title": "42",
      "part": "433",
      "section": "110"
     },
     {
      "title": "42",
      "part": "433",
      "section": "111"
     },
     {
      "title": "42",
      "part": "433",
      "section": "112"
     },
     {
      "title": "42",
      "part": "433",
      "section": "114"
     },
     {
      "title": "42",
      "part": "433",
      "section": "116"
     },
     {
      "title": "42",
      "part": "433",
      "section": "117"
     },
     {
      "title": "42",
      "part": "433",
      "section": "119"
     },
     {
      "title": "42",
      "part": "433",
      "section": "120"
     },
     {
      "title": "42",
      "part": "433",
      "section": "121"
     },
     {
      "title": "42",
      "part": "433",
      "section": "130"
     },
     {
      "title": "42",
      "part": "433",
      "section": "131"
     }
    ]
   }
  ]
 },
 {
  "title": "NPRMs",
  "supplemental_content": [
   {
    "title": "Medicaid Program; Mechanized Claims Processing and Information Retrieval Systems (90/10) (80 FR 20455), April 16\n2015\r",
    "url": "https://www.federalregister.gov/documents/2015/04/16/2015-08754/medicaid-program-mechanized-claims-processing-and-information-retrieval-systems-9010",
    "sections": [
     {
      "title": "42",
      "part": "433",
      "section": "11"
     },
     {
      "title": "42",
      "part": "433",
      "section": "111"
     },
     {
      "title": "42",
      "part": "433",
      "section": "112"
     },
     {
      "title": "42",
      "part": "433",
      "section": "116"
     },
     {
      "title": "42",
      "part": "433",
      "section": "119"
     },
     {
      "title": "42",
      "part": "433",
      "section": "120"
     }
    ]
   }
  ]
 }
]